0.030189,0.074248,-0.066131,0.14347,-0.12464,-0.28237,0.15299,0.17511,-0.050532,-0.0009757,0.065446,-0.14441,0.010707,0.026847,-0.0011214,-0.030758,-0.10825,-0.2394,0.058089,0.010866,0.022071,-0.12274,-0.10802,0.013981,-0.2795,-0.11994,-0.19424,-0.11729,-0.0068155,0.027171,0.17303,-0.042681,0.0025499,-0.0014388,-0.10788,-0.30321,-0.038464,-0.0037758,0.074103,-0.12512,-0.29442,-0.21733,-0.051809,-0.10845,0.075931,0.076205,-0.0022222,-0.084889,0.125,-0.0075034,-0.056146,0.055252,-0.047795,-0.073033,-0.0044632,0.018822,0.041582,-0.0010737,0.026058,-0.13251,0.19336,-0.2065,0.021178,-0.0017631,-0.1373,-0.11759,0.040424,-0.067226,-5.5073e-06,0.15797,0.0054526,-0.018843,-0.27316,-0.18448,-0.085713,-0.10879,0.10585,-0.062771,0.13958,-0.032972,0.02392,0.037693,-0.2428,0.017296,0.042394,0.02965,-0.20151,-0.1625,-0.15505,0.010121,-0.00088938,-0.14318,-0.15255,-0.07378,-0.25203,0.003818,0.12104,-0.1201,-0.1221,-0.15127
