[
    [
        [
            [
                0.04652927815914154
            ]
        ]
    ],
    [
        [
            [
                -1.5488059520721436
            ]
        ]
    ],
    [
        [
            [
                2.663356304168701
            ]
        ]
    ],
    [
        [
            [
                -0.41747725009918213
            ]
        ]
    ],
    [
        [
            [
                -1.642526388168335
            ]
        ]
    ],
    [
        [
            [
                -0.8626919388771057
            ]
        ]
    ],
    [
        [
            [
                -0.8262227773666382
            ]
        ]
    ],
    [
        [
            [
                2.475937843322754
            ]
        ]
    ],
    [
        [
            [
                -0.019455909729003906
            ]
        ]
    ],
    [
        [
            [
                -2.058889627456665
            ]
        ]
    ],
    [
        [
            [
                0.25417470932006836
            ]
        ]
    ],
    [
        [
            [
                0.047716498374938965
            ]
        ]
    ],
    [
        [
            [
                -1.1644190549850464
            ]
        ]
    ],
    [
        [
            [
                -1.9882079362869263
            ]
        ]
    ],
    [
        [
            [
                0.33111071586608887
            ]
        ]
    ],
    [
        [
            [
                0.06641435623168945
            ]
        ]
    ],
    [
        [
            [
                0.6452714800834656
            ]
        ]
    ],
    [
        [
            [
                -1.791486382484436
            ]
        ]
    ],
    [
        [
            [
                -0.5526658892631531
            ]
        ]
    ],
    [
        [
            [
                0.23488843441009521
            ]
        ]
    ],
    [
        [
            [
                1.2275512218475342
            ]
        ]
    ],
    [
        [
            [
                -1.1385332345962524
            ]
        ]
    ],
    [
        [
            [
                -1.9498428106307983
            ]
        ]
    ],
    [
        [
            [
                -0.36033907532691956
            ]
        ]
    ],
    [
        [
            [
                -0.15327632427215576
            ]
        ]
    ],
    [
        [
            [
                -0.5188648700714111
            ]
        ]
    ],
    [
        [
            [
                0.11536407470703125
            ]
        ]
    ],
    [
        [
            [
                -0.8436121344566345
            ]
        ]
    ],
    [
        [
            [
                -0.7255972623825073
            ]
        ]
    ],
    [
        [
            [
                2.6891591548919678
            ]
        ]
    ],
    [
        [
            [
                2.8437962532043457
            ]
        ]
    ],
    [
        [
            [
                -1.6227314472198486
            ]
        ]
    ],
    [
        [
            [
                1.995350956916809
            ]
        ]
    ],
    [
        [
            [
                2.5649116039276123
            ]
        ]
    ],
    [
        [
            [
                -2.961879253387451
            ]
        ]
    ],
    [
        [
            [
                1.803572416305542
            ]
        ]
    ],
    [
        [
            [
                0.12762057781219482
            ]
        ]
    ],
    [
        [
            [
                -1.0932652950286865
            ]
        ]
    ],
    [
        [
            [
                -3.0016887187957764
            ]
        ]
    ],
    [
        [
            [
                2.52223539352417
            ]
        ]
    ],
    [
        [
            [
                2.1419436931610107
            ]
        ]
    ],
    [
        [
            [
                -1.744530200958252
            ]
        ]
    ],
    [
        [
            [
                2.894648790359497
            ]
        ]
    ],
    [
        [
            [
                0.048352956771850586
            ]
        ]
    ],
    [
        [
            [
                2.3902604579925537
            ]
        ]
    ],
    [
        [
            [
                2.2840633392333984
            ]
        ]
    ],
    [
        [
            [
                0.6664692759513855
            ]
        ]
    ],
    [
        [
            [
                0.8066532611846924
            ]
        ]
    ],
    [
        [
            [
                2.1732430458068848
            ]
        ]
    ],
    [
        [
            [
                1.287432074546814
            ]
        ]
    ],
    [
        [
            [
                2.311753511428833
            ]
        ]
    ],
    [
        [
            [
                -1.6502963304519653
            ]
        ]
    ],
    [
        [
            [
                0.7258996367454529
            ]
        ]
    ],
    [
        [
            [
                2.0775673389434814
            ]
        ]
    ],
    [
        [
            [
                1.9578971862792969
            ]
        ]
    ],
    [
        [
            [
                -0.05586802959442139
            ]
        ]
    ],
    [
        [
            [
                1.1827211380004883
            ]
        ]
    ],
    [
        [
            [
                0.7648972868919373
            ]
        ]
    ],
    [
        [
            [
                2.855288505554199
            ]
        ]
    ],
    [
        [
            [
                -0.30617865920066833
            ]
        ]
    ],
    [
        [
            [
                -0.7282946109771729
            ]
        ]
    ],
    [
        [
            [
                -0.5336458683013916
            ]
        ]
    ],
    [
        [
            [
                1.4338923692703247
            ]
        ]
    ],
    [
        [
            [
                -2.1507058143615723
            ]
        ]
    ],
    [
        [
            [
                0.84742671251297
            ]
        ]
    ],
    [
        [
            [
                2.757251739501953
            ]
        ]
    ],
    [
        [
            [
                -0.17331314086914062
            ]
        ]
    ],
    [
        [
            [
                1.0576181411743164
            ]
        ]
    ],
    [
        [
            [
                -0.7491077780723572
            ]
        ]
    ],
    [
        [
            [
                -2.3933401107788086
            ]
        ]
    ],
    [
        [
            [
                -2.330524444580078
            ]
        ]
    ],
    [
        [
            [
                0.8107141256332397
            ]
        ]
    ],
    [
        [
            [
                -2.7108840942382812
            ]
        ]
    ],
    [
        [
            [
                2.3922886848449707
            ]
        ]
    ],
    [
        [
            [
                2.0441670417785645
            ]
        ]
    ],
    [
        [
            [
                2.305987596511841
            ]
        ]
    ],
    [
        [
            [
                -1.3674904108047485
            ]
        ]
    ],
    [
        [
            [
                -0.13166558742523193
            ]
        ]
    ],
    [
        [
            [
                0.8711441159248352
            ]
        ]
    ],
    [
        [
            [
                -1.4974521398544312
            ]
        ]
    ],
    [
        [
            [
                2.609140396118164
            ]
        ]
    ],
    [
        [
            [
                1.4757559299468994
            ]
        ]
    ],
    [
        [
            [
                -0.08777201175689697
            ]
        ]
    ],
    [
        [
            [
                -1.6886001825332642
            ]
        ]
    ],
    [
        [
            [
                0.2628903388977051
            ]
        ]
    ],
    [
        [
            [
                0.32193776965141296
            ]
        ]
    ],
    [
        [
            [
                2.036994457244873
            ]
        ]
    ],
    [
        [
            [
                1.9147404432296753
            ]
        ]
    ],
    [
        [
            [
                -0.29900801181793213
            ]
        ]
    ],
    [
        [
            [
                -2.4127025604248047
            ]
        ]
    ],
    [
        [
            [
                -2.199347972869873
            ]
        ]
    ],
    [
        [
            [
                -0.5256272554397583
            ]
        ]
    ],
    [
        [
            [
                0.8503074049949646
            ]
        ]
    ],
    [
        [
            [
                -0.7278941869735718
            ]
        ]
    ],
    [
        [
            [
                0.14705121517181396
            ]
        ]
    ],
    [
        [
            [
                -2.2396321296691895
            ]
        ]
    ],
    [
        [
            [
                -1.1730281114578247
            ]
        ]
    ],
    [
        [
            [
                2.4738030433654785
            ]
        ]
    ],
    [
        [
            [
                0.523059606552124
            ]
        ]
    ],
    [
        [
            [
                2.2649335861206055
            ]
        ]
    ]
]